ruby : 
test_authorization_api.rb:72:in 
`test_authorization_rules_api': 
undefined method `id' for nil 
(NoMethodError)
En línea: 1 Carácter: 1
+ ruby 
test_authorization_api.rb > 
test_output.txt 2>&1
+ ~~~~~~~~~~~~~~~~~~~~~~~~~~~~~~
~~~~~~~~~~~~~~~~~~~~~~~
    + CategoryInfo          : N 
   otSpecified: (test_authoriz  
  at...(NoMethodError):String   
 ) [], RemoteException
    + FullyQualifiedErrorId : N 
   ativeCommandError
 

    response = post_request('/au
thorization/rules', new_rule, 
@employee.id)

                                
                                
       ^^^
	from 
test_authorization_api.rb:19:in 
`run'
	from test_authorization_api.rb:
275:in `<main>'

================================================================================
TESTING AUTHORIZATION SYSTEM API
================================================================================

--- Testing Authorization Rules API ---

1. GET /api/v1/authorization/rules
   Status: 200
   Found 3 rules

2. GET /api/v1/authorization/rules/1
   Status: 200
   Rule: Manager approval for orders > 500 EUR

3. POST /api/v1/authorization/rules (as admin)
   Status: 201
   Created rule ID: 4

4. POST /api/v1/authorization/rules (as employee - should fail)
